V3 3
FL C:/Users/Administrator/Documents/sem7vhdl/KEYBOARD/scan.vhd 2017/10/30.00:14:05 P.20131013
EN work/scanner 1509302648 \
      FL C:/Users/Administrator/Documents/sem7vhdl/KEYBOARD/scan.vhd \
      PB ieee/std_logic_1164 1381692176
AR work/scanner/behaviour 1509302649 \
      FL C:/Users/Administrator/Documents/sem7vhdl/KEYBOARD/scan.vhd \
      EN work/scanner 1509302648
