V3 3
FL C:/Users/Administrator/Documents/sem7vhdl/switchdebounce2/debounce2.vhd 2017/10/29.16:25:15 P.20131013
EN work/debounce2 1509274805 \
      FL C:/Users/Administrator/Documents/sem7vhdl/switchdebounce2/debounce2.vhd \
      PB ieee/STD_LOGIC_UNSIGNED 1381692179 PB ieee/std_logic_1164 1381692176
AR work/debounce2/Behavioral 1509274806 \
      FL C:/Users/Administrator/Documents/sem7vhdl/switchdebounce2/debounce2.vhd \
      EN work/debounce2 1509274805
