V3 3
FL C:/Users/Administrator/Documents/sem7vhdl/sipo_reg/sipo_code.vhd 2017/09/24.17:49:17 P.20131013
EN work/sipo_code 1506257478 \
      FL C:/Users/Administrator/Documents/sem7vhdl/sipo_reg/sipo_code.vhd \
      PB ieee/std_logic_1164 1381692176
AR work/sipo_code/Behavioral 1506257479 \
      FL C:/Users/Administrator/Documents/sem7vhdl/sipo_reg/sipo_code.vhd \
      EN work/sipo_code 1506257478
