V3 3
FL C:/Users/Administrator/Documents/sem7vhdl/dicegame/game1.vhd 2017/10/29.18:19:35 P.20131013
EN work/game1 1509281378 \
      FL C:/Users/Administrator/Documents/sem7vhdl/dicegame/game1.vhd \
      PB ieee/std_logic_1164 1381692176 PB ieee/STD_LOGIC_UNSIGNED 1381692179
AR work/game1/Behavioral 1509281379 \
      FL C:/Users/Administrator/Documents/sem7vhdl/dicegame/game1.vhd \
      EN work/game1 1509281378
