V3 3
FL C:/Users/Administrator/Documents/sem7vhdl/delay/delay_code.vhd 2017/09/24.18:57:00 P.20131013
EN work/delay_code 1506259624 \
      FL C:/Users/Administrator/Documents/sem7vhdl/delay/delay_code.vhd \
      PB ieee/std_logic_1164 1381692176
AR work/delay_code/Behavioral 1506259625 \
      FL C:/Users/Administrator/Documents/sem7vhdl/delay/delay_code.vhd \
      EN work/delay_code 1506259624
